mode: set
github.com/Moreira-Henrique-Pedro/entregador/cmd/api/main.go:20.13,25.16 4 0
github.com/Moreira-Henrique-Pedro/entregador/cmd/api/main.go:25.16,27.3 1 0
github.com/Moreira-Henrique-Pedro/entregador/cmd/api/main.go:29.2,30.16 2 0
github.com/Moreira-Henrique-Pedro/entregador/cmd/api/main.go:30.16,32.3 1 0
github.com/Moreira-Henrique-Pedro/entregador/cmd/api/main.go:34.2,35.16 2 0
github.com/Moreira-Henrique-Pedro/entregador/cmd/api/main.go:35.16,37.3 1 0
github.com/Moreira-Henrique-Pedro/entregador/cmd/api/main.go:39.2,53.12 5 0
github.com/Moreira-Henrique-Pedro/entregador/cmd/api/main.go:53.12,55.90 2 0
github.com/Moreira-Henrique-Pedro/entregador/cmd/api/main.go:55.90,57.4 1 0
github.com/Moreira-Henrique-Pedro/entregador/cmd/api/main.go:60.2,60.9 1 0
github.com/Moreira-Henrique-Pedro/entregador/cmd/api/main.go:61.20,62.42 1 0
github.com/Moreira-Henrique-Pedro/entregador/cmd/api/main.go:63.22,64.71 1 0
github.com/Moreira-Henrique-Pedro/entregador/cmd/api/main.go:67.2,70.53 3 0
github.com/Moreira-Henrique-Pedro/entregador/cmd/api/main.go:70.53,72.3 1 0
github.com/Moreira-Henrique-Pedro/entregador/cmd/api/main.go:74.2,74.59 1 0
github.com/Moreira-Henrique-Pedro/entregador/cmd/api/main.go:74.59,76.3 1 0
github.com/Moreira-Henrique-Pedro/entregador/cmd/api/main.go:78.2,78.47 1 0
github.com/Moreira-Henrique-Pedro/entregador/internal/domain/interfaces/notifier/notifier.go:15.42,16.11 1 1
github.com/Moreira-Henrique-Pedro/entregador/internal/domain/interfaces/notifier/notifier.go:17.73,18.14 1 1
github.com/Moreira-Henrique-Pedro/entregador/internal/domain/interfaces/notifier/notifier.go:20.2,20.14 1 1
github.com/Moreira-Henrique-Pedro/entregador/internal/domain/entities/delivery_status.go:10.40,11.11 1 1
github.com/Moreira-Henrique-Pedro/entregador/internal/domain/entities/delivery_status.go:12.52,13.14 1 1
github.com/Moreira-Henrique-Pedro/entregador/internal/domain/entities/delivery_status.go:15.2,15.14 1 1
github.com/Moreira-Henrique-Pedro/entregador/internal/domain/entities/resident_entity.go:18.35,20.2 1 1
github.com/Moreira-Henrique-Pedro/entregador/internal/domain/entities/resident_entity.go:22.37,24.2 1 1
github.com/Moreira-Henrique-Pedro/entregador/internal/domain/entities/resident_status.go:10.40,11.11 1 1
github.com/Moreira-Henrique-Pedro/entregador/internal/domain/entities/resident_status.go:12.52,13.14 1 1
github.com/Moreira-Henrique-Pedro/entregador/internal/domain/entities/resident_status.go:15.2,15.14 1 1
github.com/Moreira-Henrique-Pedro/entregador/internal/domain/entities/resident_type.go:16.47,18.2 1 1
github.com/Moreira-Henrique-Pedro/entregador/internal/domain/entities/resident_type.go:20.51,30.2 2 1
github.com/Moreira-Henrique-Pedro/entregador/internal/application/readers/get_deliveries_by_apartment_reader.go:17.114,21.2 1 1
github.com/Moreira-Henrique-Pedro/entregador/internal/application/readers/get_deliveries_by_apartment_reader.go:23.145,27.21 3 1
github.com/Moreira-Henrique-Pedro/entregador/internal/application/readers/get_deliveries_by_apartment_reader.go:27.21,29.3 1 1
github.com/Moreira-Henrique-Pedro/entregador/internal/application/readers/get_deliveries_by_apartment_reader.go:30.2,30.40 1 1
github.com/Moreira-Henrique-Pedro/entregador/internal/application/readers/get_deliveries_by_apartment_reader.go:30.40,32.3 1 1
github.com/Moreira-Henrique-Pedro/entregador/internal/application/readers/get_deliveries_by_apartment_reader.go:34.2,35.16 2 1
github.com/Moreira-Henrique-Pedro/entregador/internal/application/readers/get_deliveries_by_apartment_reader.go:35.16,37.3 1 1
github.com/Moreira-Henrique-Pedro/entregador/internal/application/readers/get_deliveries_by_apartment_reader.go:39.2,39.24 1 1
github.com/Moreira-Henrique-Pedro/entregador/internal/application/readers/get_residents_by_apartment_reader.go:17.112,21.2 1 1
github.com/Moreira-Henrique-Pedro/entregador/internal/application/readers/get_residents_by_apartment_reader.go:23.111,27.21 3 1
github.com/Moreira-Henrique-Pedro/entregador/internal/application/readers/get_residents_by_apartment_reader.go:27.21,29.3 1 1
github.com/Moreira-Henrique-Pedro/entregador/internal/application/readers/get_residents_by_apartment_reader.go:31.2,32.16 2 1
github.com/Moreira-Henrique-Pedro/entregador/internal/application/readers/get_residents_by_apartment_reader.go:32.16,34.3 1 1
github.com/Moreira-Henrique-Pedro/entregador/internal/application/readers/get_residents_by_apartment_reader.go:36.2,36.23 1 1
github.com/Moreira-Henrique-Pedro/entregador/internal/application/readers/get_residents_by_phone_reader.go:17.104,21.2 1 1
github.com/Moreira-Henrique-Pedro/entregador/internal/application/readers/get_residents_by_phone_reader.go:23.103,27.17 3 1
github.com/Moreira-Henrique-Pedro/entregador/internal/application/readers/get_residents_by_phone_reader.go:27.17,29.3 1 1
github.com/Moreira-Henrique-Pedro/entregador/internal/application/readers/get_residents_by_phone_reader.go:31.2,32.16 2 1
github.com/Moreira-Henrique-Pedro/entregador/internal/application/readers/get_residents_by_phone_reader.go:32.16,34.3 1 1
github.com/Moreira-Henrique-Pedro/entregador/internal/application/readers/get_residents_by_phone_reader.go:36.2,36.23 1 1
github.com/Moreira-Henrique-Pedro/entregador/internal/application/transporters/command_id.go:13.47,14.64 1 1
github.com/Moreira-Henrique-Pedro/entregador/internal/application/transporters/command_id.go:14.64,16.3 1 1
github.com/Moreira-Henrique-Pedro/entregador/internal/application/transporters/command_id.go:17.2,17.28 1 1
github.com/Moreira-Henrique-Pedro/entregador/internal/application/transporters/create_delivery_transporter.go:23.30,29.2 1 1
github.com/Moreira-Henrique-Pedro/entregador/internal/application/transporters/create_delivery_transporter.go:31.101,38.55 4 1
github.com/Moreira-Henrique-Pedro/entregador/internal/application/transporters/create_delivery_transporter.go:38.55,40.3 1 1
github.com/Moreira-Henrique-Pedro/entregador/internal/application/transporters/create_delivery_transporter.go:42.2,42.12 1 1
github.com/Moreira-Henrique-Pedro/entregador/internal/application/transporters/create_delivery_transporter.go:45.148,53.2 1 1
github.com/Moreira-Henrique-Pedro/entregador/internal/application/transporters/create_delivery_transporter.go:55.127,64.2 4 1
github.com/Moreira-Henrique-Pedro/entregador/internal/application/transporters/create_resident_transporter.go:23.30,29.2 1 1
github.com/Moreira-Henrique-Pedro/entregador/internal/application/transporters/create_resident_transporter.go:31.101,38.55 4 1
github.com/Moreira-Henrique-Pedro/entregador/internal/application/transporters/create_resident_transporter.go:38.55,40.3 1 1
github.com/Moreira-Henrique-Pedro/entregador/internal/application/transporters/create_resident_transporter.go:42.2,42.12 1 1
github.com/Moreira-Henrique-Pedro/entregador/internal/application/transporters/create_resident_transporter.go:45.148,52.2 1 1
github.com/Moreira-Henrique-Pedro/entregador/internal/application/transporters/create_resident_transporter.go:54.127,63.2 4 1
github.com/Moreira-Henrique-Pedro/entregador/internal/application/transporters/delete_delivery_transporter.go:23.30,29.2 1 1
github.com/Moreira-Henrique-Pedro/entregador/internal/application/transporters/delete_delivery_transporter.go:31.101,38.55 4 1
github.com/Moreira-Henrique-Pedro/entregador/internal/application/transporters/delete_delivery_transporter.go:38.55,40.3 1 1
github.com/Moreira-Henrique-Pedro/entregador/internal/application/transporters/delete_delivery_transporter.go:42.2,42.12 1 1
github.com/Moreira-Henrique-Pedro/entregador/internal/application/transporters/delete_delivery_transporter.go:45.148,50.2 1 1
github.com/Moreira-Henrique-Pedro/entregador/internal/application/transporters/delete_delivery_transporter.go:52.127,61.2 4 1
github.com/Moreira-Henrique-Pedro/entregador/internal/application/transporters/delete_resident_transporter.go:23.30,29.2 1 1
github.com/Moreira-Henrique-Pedro/entregador/internal/application/transporters/delete_resident_transporter.go:31.101,38.55 4 1
github.com/Moreira-Henrique-Pedro/entregador/internal/application/transporters/delete_resident_transporter.go:38.55,40.3 1 1
github.com/Moreira-Henrique-Pedro/entregador/internal/application/transporters/delete_resident_transporter.go:42.2,42.12 1 1
github.com/Moreira-Henrique-Pedro/entregador/internal/application/transporters/delete_resident_transporter.go:45.148,50.2 1 1
github.com/Moreira-Henrique-Pedro/entregador/internal/application/transporters/delete_resident_transporter.go:52.127,61.2 4 1
github.com/Moreira-Henrique-Pedro/entregador/internal/application/transporters/update_resident_transporter.go:23.30,29.2 1 1
github.com/Moreira-Henrique-Pedro/entregador/internal/application/transporters/update_resident_transporter.go:31.101,38.55 4 1
github.com/Moreira-Henrique-Pedro/entregador/internal/application/transporters/update_resident_transporter.go:38.55,40.3 1 1
github.com/Moreira-Henrique-Pedro/entregador/internal/application/transporters/update_resident_transporter.go:42.2,42.12 1 1
github.com/Moreira-Henrique-Pedro/entregador/internal/application/transporters/update_resident_transporter.go:45.148,53.2 1 1
github.com/Moreira-Henrique-Pedro/entregador/internal/application/transporters/update_resident_transporter.go:55.127,64.2 4 1
github.com/Moreira-Henrique-Pedro/entregador/config/subscriber/subscriber.go:42.72,44.60 2 1
github.com/Moreira-Henrique-Pedro/entregador/config/subscriber/subscriber.go:44.60,46.3 1 1
github.com/Moreira-Henrique-Pedro/entregador/config/subscriber/subscriber.go:48.2,48.62 1 1
github.com/Moreira-Henrique-Pedro/entregador/config/subscriber/subscriber.go:48.62,50.3 1 1
github.com/Moreira-Henrique-Pedro/entregador/config/subscriber/subscriber.go:52.2,52.32 1 1
github.com/Moreira-Henrique-Pedro/entregador/config/subscriber/subscriber.go:52.32,54.3 1 1
github.com/Moreira-Henrique-Pedro/entregador/config/subscriber/subscriber.go:56.2,56.33 1 1
github.com/Moreira-Henrique-Pedro/entregador/config/subscriber/subscriber.go:56.33,58.3 1 1
github.com/Moreira-Henrique-Pedro/entregador/config/subscriber/subscriber.go:60.2,60.36 1 1
github.com/Moreira-Henrique-Pedro/entregador/config/subscriber/subscriber.go:60.36,62.3 1 1
github.com/Moreira-Henrique-Pedro/entregador/config/subscriber/subscriber.go:64.2,64.38 1 1
github.com/Moreira-Henrique-Pedro/entregador/config/subscriber/subscriber.go:64.38,71.3 1 1
github.com/Moreira-Henrique-Pedro/entregador/config/subscriber/subscriber.go:73.2,73.27 1 1
github.com/Moreira-Henrique-Pedro/entregador/config/subscriber/subscriber.go:76.40,79.23 3 1
github.com/Moreira-Henrique-Pedro/entregador/config/subscriber/subscriber.go:79.23,81.3 1 1
github.com/Moreira-Henrique-Pedro/entregador/config/subscriber/subscriber.go:83.2,84.16 2 1
github.com/Moreira-Henrique-Pedro/entregador/config/subscriber/subscriber.go:84.16,86.3 1 1
github.com/Moreira-Henrique-Pedro/entregador/config/subscriber/subscriber.go:88.2,89.16 2 1
github.com/Moreira-Henrique-Pedro/entregador/config/subscriber/subscriber.go:89.16,91.3 1 1
github.com/Moreira-Henrique-Pedro/entregador/config/subscriber/subscriber.go:93.2,93.17 1 1
github.com/Moreira-Henrique-Pedro/entregador/internal/domain/interfaces/pubsub/context.go:9.81,11.2 1 1
github.com/Moreira-Henrique-Pedro/entregador/internal/domain/interfaces/pubsub/context.go:13.69,16.2 2 1
github.com/Moreira-Henrique-Pedro/entregador/internal/domain/interfaces/pubsub/message.go:32.48,38.2 1 1
github.com/Moreira-Henrique-Pedro/entregador/internal/domain/interfaces/pubsub/message.go:40.85,45.2 1 1
github.com/Moreira-Henrique-Pedro/entregador/internal/domain/interfaces/pubsub/message.go:47.44,49.2 1 1
github.com/Moreira-Henrique-Pedro/entregador/config/config.go:68.39,70.16 2 1
github.com/Moreira-Henrique-Pedro/entregador/config/config.go:70.16,72.3 1 0
github.com/Moreira-Henrique-Pedro/entregador/config/config.go:74.2,75.16 2 1
github.com/Moreira-Henrique-Pedro/entregador/config/config.go:75.16,77.3 1 1
github.com/Moreira-Henrique-Pedro/entregador/config/config.go:79.2,82.8 1 1
github.com/Moreira-Henrique-Pedro/entregador/config/config.go:85.39,86.17 1 1
github.com/Moreira-Henrique-Pedro/entregador/config/config.go:86.17,87.76 1 1
github.com/Moreira-Henrique-Pedro/entregador/config/config.go:87.76,89.4 1 0
github.com/Moreira-Henrique-Pedro/entregador/config/config.go:91.3,92.48 2 1
github.com/Moreira-Henrique-Pedro/entregador/config/config.go:92.48,94.4 1 0
github.com/Moreira-Henrique-Pedro/entregador/config/config.go:95.3,96.26 2 1
github.com/Moreira-Henrique-Pedro/entregador/config/config.go:99.2,99.18 1 1
github.com/Moreira-Henrique-Pedro/entregador/config/config.go:102.38,104.47 2 1
github.com/Moreira-Henrique-Pedro/entregador/config/config.go:104.47,105.49 1 1
github.com/Moreira-Henrique-Pedro/entregador/config/config.go:105.49,107.4 1 1
github.com/Moreira-Henrique-Pedro/entregador/config/config.go:109.2,109.14 1 1
github.com/Moreira-Henrique-Pedro/entregador/config/config.go:112.43,114.2 1 1
github.com/Moreira-Henrique-Pedro/entregador/internal/application/writers/notify_delivery_publisher.go:18.9,28.2 4 1
github.com/Moreira-Henrique-Pedro/entregador/internal/application/writers/process_create_delivery_writer.go:29.26,36.2 1 1
github.com/Moreira-Henrique-Pedro/entregador/internal/application/writers/process_create_delivery_writer.go:38.115,42.29 3 1
github.com/Moreira-Henrique-Pedro/entregador/internal/application/writers/process_create_delivery_writer.go:42.29,45.3 2 1
github.com/Moreira-Henrique-Pedro/entregador/internal/application/writers/process_create_delivery_writer.go:47.2,48.16 2 1
github.com/Moreira-Henrique-Pedro/entregador/internal/application/writers/process_create_delivery_writer.go:48.16,50.3 1 1
github.com/Moreira-Henrique-Pedro/entregador/internal/application/writers/process_create_delivery_writer.go:51.2,51.18 1 1
github.com/Moreira-Henrique-Pedro/entregador/internal/application/writers/process_create_delivery_writer.go:51.18,55.3 2 1
github.com/Moreira-Henrique-Pedro/entregador/internal/application/writers/process_create_delivery_writer.go:57.2,58.16 2 1
github.com/Moreira-Henrique-Pedro/entregador/internal/application/writers/process_create_delivery_writer.go:58.16,60.3 1 1
github.com/Moreira-Henrique-Pedro/entregador/internal/application/writers/process_create_delivery_writer.go:62.2,63.67 2 1
github.com/Moreira-Henrique-Pedro/entregador/internal/application/writers/process_create_delivery_writer.go:63.67,65.3 1 1
github.com/Moreira-Henrique-Pedro/entregador/internal/application/writers/process_create_delivery_writer.go:67.2,69.144 2 1
github.com/Moreira-Henrique-Pedro/entregador/internal/application/writers/process_create_delivery_writer.go:69.144,71.3 1 1
github.com/Moreira-Henrique-Pedro/entregador/internal/application/writers/process_create_delivery_writer.go:73.2,73.12 1 1
github.com/Moreira-Henrique-Pedro/entregador/internal/application/writers/process_create_delivery_writer.go:76.107,78.16 2 1
github.com/Moreira-Henrique-Pedro/entregador/internal/application/writers/process_create_delivery_writer.go:78.16,80.3 1 1
github.com/Moreira-Henrique-Pedro/entregador/internal/application/writers/process_create_delivery_writer.go:81.2,81.37 1 1
github.com/Moreira-Henrique-Pedro/entregador/internal/application/writers/process_create_delivery_writer.go:81.37,82.26 1 1
github.com/Moreira-Henrique-Pedro/entregador/internal/application/writers/process_create_delivery_writer.go:82.26,84.4 1 1
github.com/Moreira-Henrique-Pedro/entregador/internal/application/writers/process_create_delivery_writer.go:86.2,86.19 1 1
github.com/Moreira-Henrique-Pedro/entregador/internal/application/writers/process_create_delivery_writer.go:89.135,92.30 2 1
github.com/Moreira-Henrique-Pedro/entregador/internal/application/writers/process_create_delivery_writer.go:92.30,94.10 2 1
github.com/Moreira-Henrique-Pedro/entregador/internal/application/writers/process_create_delivery_writer.go:95.62,96.35 1 1
github.com/Moreira-Henrique-Pedro/entregador/internal/application/writers/process_create_delivery_writer.go:97.19,98.147 1 1
github.com/Moreira-Henrique-Pedro/entregador/internal/application/writers/process_create_delivery_writer.go:99.51,100.117 1 1
github.com/Moreira-Henrique-Pedro/entregador/internal/application/writers/process_create_delivery_writer.go:101.11,102.18 1 1
github.com/Moreira-Henrique-Pedro/entregador/internal/application/writers/process_create_delivery_writer.go:106.2,106.89 1 1
github.com/Moreira-Henrique-Pedro/entregador/internal/application/writers/process_create_delivery_writer.go:106.89,108.3 1 1
github.com/Moreira-Henrique-Pedro/entregador/internal/application/writers/process_create_delivery_writer.go:109.2,109.57 1 1
github.com/Moreira-Henrique-Pedro/entregador/internal/application/writers/process_create_delivery_writer.go:112.139,122.2 1 1
github.com/Moreira-Henrique-Pedro/entregador/internal/application/writers/process_create_resident_writer.go:17.108,21.2 1 1
github.com/Moreira-Henrique-Pedro/entregador/internal/application/writers/process_create_resident_writer.go:23.115,28.67 4 1
github.com/Moreira-Henrique-Pedro/entregador/internal/application/writers/process_create_resident_writer.go:28.67,30.3 1 1
github.com/Moreira-Henrique-Pedro/entregador/internal/application/writers/process_create_resident_writer.go:32.2,32.89 1 1
github.com/Moreira-Henrique-Pedro/entregador/internal/application/writers/process_create_resident_writer.go:32.89,34.3 1 1
github.com/Moreira-Henrique-Pedro/entregador/internal/application/writers/process_create_resident_writer.go:36.2,36.91 1 1
github.com/Moreira-Henrique-Pedro/entregador/internal/application/writers/process_create_resident_writer.go:36.91,38.3 1 1
github.com/Moreira-Henrique-Pedro/entregador/internal/application/writers/process_create_resident_writer.go:40.2,42.12 2 1
github.com/Moreira-Henrique-Pedro/entregador/internal/application/writers/process_create_resident_writer.go:45.120,55.2 1 1
github.com/Moreira-Henrique-Pedro/entregador/internal/application/writers/process_delete_delivery_writer.go:26.26,32.2 1 1
github.com/Moreira-Henrique-Pedro/entregador/internal/application/writers/process_delete_delivery_writer.go:34.115,39.48 4 1
github.com/Moreira-Henrique-Pedro/entregador/internal/application/writers/process_delete_delivery_writer.go:39.48,42.3 2 1
github.com/Moreira-Henrique-Pedro/entregador/internal/application/writers/process_delete_delivery_writer.go:43.2,43.16 1 1
github.com/Moreira-Henrique-Pedro/entregador/internal/application/writers/process_delete_delivery_writer.go:43.16,45.3 1 1
github.com/Moreira-Henrique-Pedro/entregador/internal/application/writers/process_delete_delivery_writer.go:47.2,47.55 1 1
github.com/Moreira-Henrique-Pedro/entregador/internal/application/writers/process_delete_delivery_writer.go:47.55,50.64 2 1
github.com/Moreira-Henrique-Pedro/entregador/internal/application/writers/process_delete_delivery_writer.go:50.64,52.4 1 1
github.com/Moreira-Henrique-Pedro/entregador/internal/application/writers/process_delete_delivery_writer.go:53.3,53.34 1 1
github.com/Moreira-Henrique-Pedro/entregador/internal/application/writers/process_delete_delivery_writer.go:54.8,56.3 1 1
github.com/Moreira-Henrique-Pedro/entregador/internal/application/writers/process_delete_delivery_writer.go:59.2,59.41 1 1
github.com/Moreira-Henrique-Pedro/entregador/internal/application/writers/process_delete_delivery_writer.go:59.41,61.3 1 1
github.com/Moreira-Henrique-Pedro/entregador/internal/application/writers/process_delete_delivery_writer.go:62.2,62.145 1 1
github.com/Moreira-Henrique-Pedro/entregador/internal/application/writers/process_delete_delivery_writer.go:62.145,64.3 1 1
github.com/Moreira-Henrique-Pedro/entregador/internal/application/writers/process_delete_delivery_writer.go:66.2,66.12 1 1
github.com/Moreira-Henrique-Pedro/entregador/internal/application/writers/process_delete_resident_writer.go:18.108,22.2 1 1
github.com/Moreira-Henrique-Pedro/entregador/internal/application/writers/process_delete_resident_writer.go:24.115,29.48 4 1
github.com/Moreira-Henrique-Pedro/entregador/internal/application/writers/process_delete_resident_writer.go:29.48,32.3 2 1
github.com/Moreira-Henrique-Pedro/entregador/internal/application/writers/process_delete_resident_writer.go:33.2,33.16 1 1
github.com/Moreira-Henrique-Pedro/entregador/internal/application/writers/process_delete_resident_writer.go:33.16,35.3 1 1
github.com/Moreira-Henrique-Pedro/entregador/internal/application/writers/process_delete_resident_writer.go:36.2,36.23 1 1
github.com/Moreira-Henrique-Pedro/entregador/internal/application/writers/process_delete_resident_writer.go:36.23,39.3 2 1
github.com/Moreira-Henrique-Pedro/entregador/internal/application/writers/process_delete_resident_writer.go:41.2,42.48 2 1
github.com/Moreira-Henrique-Pedro/entregador/internal/application/writers/process_delete_resident_writer.go:42.48,45.3 2 1
github.com/Moreira-Henrique-Pedro/entregador/internal/application/writers/process_delete_resident_writer.go:46.2,46.16 1 1
github.com/Moreira-Henrique-Pedro/entregador/internal/application/writers/process_delete_resident_writer.go:46.16,48.3 1 1
github.com/Moreira-Henrique-Pedro/entregador/internal/application/writers/process_delete_resident_writer.go:50.2,50.25 1 1
github.com/Moreira-Henrique-Pedro/entregador/internal/application/writers/process_delete_resident_writer.go:50.25,51.92 1 1
github.com/Moreira-Henrique-Pedro/entregador/internal/application/writers/process_delete_resident_writer.go:51.92,53.4 1 1
github.com/Moreira-Henrique-Pedro/entregador/internal/application/writers/process_delete_resident_writer.go:56.2,58.12 2 1
github.com/Moreira-Henrique-Pedro/entregador/internal/application/writers/process_notify_delivery_writer.go:28.26,34.2 1 1
github.com/Moreira-Henrique-Pedro/entregador/internal/application/writers/process_notify_delivery_writer.go:36.115,43.41 3 1
github.com/Moreira-Henrique-Pedro/entregador/internal/application/writers/process_notify_delivery_writer.go:43.41,46.3 2 1
github.com/Moreira-Henrique-Pedro/entregador/internal/application/writers/process_notify_delivery_writer.go:48.2,49.48 2 1
github.com/Moreira-Henrique-Pedro/entregador/internal/application/writers/process_notify_delivery_writer.go:49.48,52.3 2 1
github.com/Moreira-Henrique-Pedro/entregador/internal/application/writers/process_notify_delivery_writer.go:53.2,53.16 1 1
github.com/Moreira-Henrique-Pedro/entregador/internal/application/writers/process_notify_delivery_writer.go:53.16,55.3 1 1
github.com/Moreira-Henrique-Pedro/entregador/internal/application/writers/process_notify_delivery_writer.go:57.2,57.86 1 1
github.com/Moreira-Henrique-Pedro/entregador/internal/application/writers/process_notify_delivery_writer.go:57.86,60.3 2 1
github.com/Moreira-Henrique-Pedro/entregador/internal/application/writers/process_notify_delivery_writer.go:62.2,63.16 2 1
github.com/Moreira-Henrique-Pedro/entregador/internal/application/writers/process_notify_delivery_writer.go:63.16,65.3 1 1
github.com/Moreira-Henrique-Pedro/entregador/internal/application/writers/process_notify_delivery_writer.go:66.2,66.26 1 1
github.com/Moreira-Henrique-Pedro/entregador/internal/application/writers/process_notify_delivery_writer.go:66.26,68.3 1 1
github.com/Moreira-Henrique-Pedro/entregador/internal/application/writers/process_notify_delivery_writer.go:70.2,71.38 2 1
github.com/Moreira-Henrique-Pedro/entregador/internal/application/writers/process_notify_delivery_writer.go:71.38,73.51 2 1
github.com/Moreira-Henrique-Pedro/entregador/internal/application/writers/process_notify_delivery_writer.go:73.51,76.12 2 1
github.com/Moreira-Henrique-Pedro/entregador/internal/application/writers/process_notify_delivery_writer.go:78.3,78.17 1 1
github.com/Moreira-Henrique-Pedro/entregador/internal/application/writers/process_notify_delivery_writer.go:78.17,80.4 1 1
github.com/Moreira-Henrique-Pedro/entregador/internal/application/writers/process_notify_delivery_writer.go:81.3,81.9 1 1
github.com/Moreira-Henrique-Pedro/entregador/internal/application/writers/process_notify_delivery_writer.go:84.2,84.93 1 1
github.com/Moreira-Henrique-Pedro/entregador/internal/application/writers/process_notify_delivery_writer.go:84.93,86.3 1 1
github.com/Moreira-Henrique-Pedro/entregador/internal/application/writers/process_notify_delivery_writer.go:88.2,90.12 2 1
github.com/Moreira-Henrique-Pedro/entregador/internal/application/writers/process_notify_delivery_writer.go:93.117,94.26 1 1
github.com/Moreira-Henrique-Pedro/entregador/internal/application/writers/process_notify_delivery_writer.go:95.48,96.43 1 1
github.com/Moreira-Henrique-Pedro/entregador/internal/application/writers/process_notify_delivery_writer.go:96.43,98.4 1 1
github.com/Moreira-Henrique-Pedro/entregador/internal/application/writers/process_notify_delivery_writer.go:99.3,99.56 1 1
github.com/Moreira-Henrique-Pedro/entregador/internal/application/writers/process_notify_delivery_writer.go:99.56,101.4 1 1
github.com/Moreira-Henrique-Pedro/entregador/internal/application/writers/process_notify_delivery_writer.go:102.49,103.42 1 1
github.com/Moreira-Henrique-Pedro/entregador/internal/application/writers/process_notify_delivery_writer.go:103.42,105.4 1 1
github.com/Moreira-Henrique-Pedro/entregador/internal/application/writers/process_notify_delivery_writer.go:106.3,106.56 1 1
github.com/Moreira-Henrique-Pedro/entregador/internal/application/writers/process_notify_delivery_writer.go:106.56,108.4 1 1
github.com/Moreira-Henrique-Pedro/entregador/internal/application/writers/process_notify_delivery_writer.go:110.2,110.18 1 1
github.com/Moreira-Henrique-Pedro/entregador/internal/application/writers/process_notify_delivery_writer.go:113.138,114.67 1 1
github.com/Moreira-Henrique-Pedro/entregador/internal/application/writers/process_notify_delivery_writer.go:114.67,116.3 1 1
github.com/Moreira-Henrique-Pedro/entregador/internal/application/writers/process_notify_delivery_writer.go:117.2,117.68 1 1
github.com/Moreira-Henrique-Pedro/entregador/internal/application/writers/process_notify_delivery_writer.go:120.131,124.9 3 1
github.com/Moreira-Henrique-Pedro/entregador/internal/application/writers/process_notify_delivery_writer.go:125.41,126.46 1 1
github.com/Moreira-Henrique-Pedro/entregador/internal/application/writers/process_notify_delivery_writer.go:127.62,129.17 2 1
github.com/Moreira-Henrique-Pedro/entregador/internal/application/writers/process_notify_delivery_writer.go:129.17,131.4 1 1
github.com/Moreira-Henrique-Pedro/entregador/internal/application/writers/process_notify_delivery_writer.go:132.3,132.21 1 1
github.com/Moreira-Henrique-Pedro/entregador/internal/application/writers/process_notify_delivery_writer.go:132.21,134.4 1 1
github.com/Moreira-Henrique-Pedro/entregador/internal/application/writers/process_notify_delivery_writer.go:135.10,136.18 1 1
github.com/Moreira-Henrique-Pedro/entregador/internal/application/writers/process_notify_delivery_writer.go:139.2,140.39 2 1
github.com/Moreira-Henrique-Pedro/entregador/internal/application/writers/process_notify_delivery_writer.go:140.39,141.52 1 1
github.com/Moreira-Henrique-Pedro/entregador/internal/application/writers/process_notify_delivery_writer.go:141.52,143.4 1 1
github.com/Moreira-Henrique-Pedro/entregador/internal/application/writers/process_notify_delivery_writer.go:145.2,145.24 1 1
github.com/Moreira-Henrique-Pedro/entregador/internal/application/writers/process_notify_delivery_writer.go:148.112,150.34 2 1
github.com/Moreira-Henrique-Pedro/entregador/internal/application/writers/process_notify_delivery_writer.go:150.34,152.3 1 1
github.com/Moreira-Henrique-Pedro/entregador/internal/application/writers/process_notify_delivery_writer.go:154.2,154.83 1 1
github.com/Moreira-Henrique-Pedro/entregador/internal/application/writers/process_notify_delivery_writer.go:154.83,156.3 1 1
github.com/Moreira-Henrique-Pedro/entregador/internal/application/writers/process_notify_delivery_writer.go:157.2,157.49 1 1
github.com/Moreira-Henrique-Pedro/entregador/internal/application/writers/process_notify_delivery_writer.go:160.123,162.16 2 1
github.com/Moreira-Henrique-Pedro/entregador/internal/application/writers/process_notify_delivery_writer.go:162.16,164.3 1 1
github.com/Moreira-Henrique-Pedro/entregador/internal/application/writers/process_notify_delivery_writer.go:165.2,165.37 1 1
github.com/Moreira-Henrique-Pedro/entregador/internal/application/writers/process_notify_delivery_writer.go:165.37,166.27 1 1
github.com/Moreira-Henrique-Pedro/entregador/internal/application/writers/process_notify_delivery_writer.go:166.27,168.4 1 1
github.com/Moreira-Henrique-Pedro/entregador/internal/application/writers/process_notify_delivery_writer.go:170.2,170.17 1 1
github.com/Moreira-Henrique-Pedro/entregador/internal/application/writers/process_notify_delivery_writer.go:174.148,176.24 2 1
github.com/Moreira-Henrique-Pedro/entregador/internal/application/writers/process_notify_delivery_writer.go:176.24,178.3 1 1
github.com/Moreira-Henrique-Pedro/entregador/internal/application/writers/process_notify_delivery_writer.go:180.2,185.3 1 1
github.com/Moreira-Henrique-Pedro/entregador/internal/application/writers/process_notify_delivery_writer.go:188.132,190.32 2 1
github.com/Moreira-Henrique-Pedro/entregador/internal/application/writers/process_notify_delivery_writer.go:190.32,192.3 1 1
github.com/Moreira-Henrique-Pedro/entregador/internal/application/writers/process_notify_delivery_writer.go:194.2,194.67 1 1
github.com/Moreira-Henrique-Pedro/entregador/internal/application/writers/process_notify_delivery_writer.go:194.67,196.3 1 1
github.com/Moreira-Henrique-Pedro/entregador/internal/application/writers/process_notify_delivery_writer.go:198.2,199.28 2 1
github.com/Moreira-Henrique-Pedro/entregador/internal/application/writers/process_notify_delivery_writer.go:199.28,201.3 1 1
github.com/Moreira-Henrique-Pedro/entregador/internal/application/writers/process_notify_delivery_writer.go:202.2,202.16 1 1
github.com/Moreira-Henrique-Pedro/entregador/internal/application/writers/process_update_resident_writer.go:18.108,22.2 1 1
github.com/Moreira-Henrique-Pedro/entregador/internal/application/writers/process_update_resident_writer.go:24.115,28.30 3 1
github.com/Moreira-Henrique-Pedro/entregador/internal/application/writers/process_update_resident_writer.go:28.30,31.3 2 1
github.com/Moreira-Henrique-Pedro/entregador/internal/application/writers/process_update_resident_writer.go:33.2,34.48 2 1
github.com/Moreira-Henrique-Pedro/entregador/internal/application/writers/process_update_resident_writer.go:34.48,37.3 2 1
github.com/Moreira-Henrique-Pedro/entregador/internal/application/writers/process_update_resident_writer.go:38.2,38.16 1 1
github.com/Moreira-Henrique-Pedro/entregador/internal/application/writers/process_update_resident_writer.go:38.16,40.3 1 1
github.com/Moreira-Henrique-Pedro/entregador/internal/application/writers/process_update_resident_writer.go:41.2,41.23 1 1
github.com/Moreira-Henrique-Pedro/entregador/internal/application/writers/process_update_resident_writer.go:41.23,44.3 2 1
github.com/Moreira-Henrique-Pedro/entregador/internal/application/writers/process_update_resident_writer.go:46.2,51.44 4 1
github.com/Moreira-Henrique-Pedro/entregador/internal/application/writers/process_update_resident_writer.go:51.44,53.3 1 1
github.com/Moreira-Henrique-Pedro/entregador/internal/application/writers/process_update_resident_writer.go:55.2,56.48 2 1
github.com/Moreira-Henrique-Pedro/entregador/internal/application/writers/process_update_resident_writer.go:56.48,59.3 2 1
github.com/Moreira-Henrique-Pedro/entregador/internal/application/writers/process_update_resident_writer.go:60.2,60.16 1 1
github.com/Moreira-Henrique-Pedro/entregador/internal/application/writers/process_update_resident_writer.go:60.16,62.3 1 1
github.com/Moreira-Henrique-Pedro/entregador/internal/application/writers/process_update_resident_writer.go:64.2,64.21 1 1
github.com/Moreira-Henrique-Pedro/entregador/internal/application/writers/process_update_resident_writer.go:64.21,65.90 1 1
github.com/Moreira-Henrique-Pedro/entregador/internal/application/writers/process_update_resident_writer.go:65.90,67.4 1 1
github.com/Moreira-Henrique-Pedro/entregador/internal/application/writers/process_update_resident_writer.go:68.3,68.76 1 1
github.com/Moreira-Henrique-Pedro/entregador/internal/application/writers/process_update_resident_writer.go:68.76,69.85 1 1
github.com/Moreira-Henrique-Pedro/entregador/internal/application/writers/process_update_resident_writer.go:69.85,71.5 1 1
github.com/Moreira-Henrique-Pedro/entregador/internal/application/writers/process_update_resident_writer.go:75.2,77.12 2 1
github.com/Moreira-Henrique-Pedro/entregador/internal/application/writers/process_update_resident_writer.go:80.120,87.2 1 1
github.com/Moreira-Henrique-Pedro/entregador/cmd/entregador/main.go:37.106,42.16 4 0
github.com/Moreira-Henrique-Pedro/entregador/cmd/entregador/main.go:42.16,44.3 1 0
github.com/Moreira-Henrique-Pedro/entregador/cmd/entregador/main.go:46.2,57.71 5 0
github.com/Moreira-Henrique-Pedro/entregador/cmd/entregador/main.go:57.71,59.3 1 0
github.com/Moreira-Henrique-Pedro/entregador/cmd/entregador/main.go:61.2,62.12 2 0
github.com/Moreira-Henrique-Pedro/entregador/cmd/entregador/main.go:65.83,66.29 1 0
github.com/Moreira-Henrique-Pedro/entregador/cmd/entregador/main.go:66.29,68.3 1 0
github.com/Moreira-Henrique-Pedro/entregador/cmd/entregador/main.go:70.2,72.58 3 0
github.com/Moreira-Henrique-Pedro/entregador/cmd/entregador/main.go:75.13,80.16 4 0
github.com/Moreira-Henrique-Pedro/entregador/cmd/entregador/main.go:80.16,82.3 1 0
github.com/Moreira-Henrique-Pedro/entregador/cmd/entregador/main.go:84.2,94.12 4 0
github.com/Moreira-Henrique-Pedro/entregador/cmd/entregador/main.go:94.12,96.3 1 0
github.com/Moreira-Henrique-Pedro/entregador/cmd/entregador/main.go:98.2,98.9 1 0
github.com/Moreira-Henrique-Pedro/entregador/cmd/entregador/main.go:99.20,100.46 1 0
github.com/Moreira-Henrique-Pedro/entregador/cmd/entregador/main.go:101.22,102.17 1 0
github.com/Moreira-Henrique-Pedro/entregador/cmd/entregador/main.go:102.17,104.4 1 0
github.com/Moreira-Henrique-Pedro/entregador/cmd/entregador/main.go:105.3,105.9 1 0
github.com/Moreira-Henrique-Pedro/entregador/cmd/entregador/main.go:108.2,112.62 4 0
github.com/Moreira-Henrique-Pedro/entregador/cmd/entregador/main.go:112.62,115.3 2 0
github.com/Moreira-Henrique-Pedro/entregador/cmd/entregador/main.go:117.2,117.51 1 0
github.com/Moreira-Henrique-Pedro/entregador/cmd/entregador/main.go:120.52,122.16 2 0
github.com/Moreira-Henrique-Pedro/entregador/cmd/entregador/main.go:122.16,124.3 1 0
github.com/Moreira-Henrique-Pedro/entregador/cmd/entregador/main.go:126.2,133.16 3 0
github.com/Moreira-Henrique-Pedro/entregador/cmd/entregador/main.go:133.16,135.3 1 0
github.com/Moreira-Henrique-Pedro/entregador/cmd/entregador/main.go:137.2,138.16 2 0
github.com/Moreira-Henrique-Pedro/entregador/cmd/entregador/main.go:138.16,140.3 1 0
github.com/Moreira-Henrique-Pedro/entregador/cmd/entregador/main.go:142.2,143.16 2 0
github.com/Moreira-Henrique-Pedro/entregador/cmd/entregador/main.go:143.16,145.3 1 0
github.com/Moreira-Henrique-Pedro/entregador/cmd/entregador/main.go:147.2,152.65 2 0
github.com/Moreira-Henrique-Pedro/entregador/cmd/entregador/main.go:152.65,154.17 2 0
github.com/Moreira-Henrique-Pedro/entregador/cmd/entregador/main.go:154.17,156.4 1 0
github.com/Moreira-Henrique-Pedro/entregador/cmd/entregador/main.go:157.3,157.38 1 0
github.com/Moreira-Henrique-Pedro/entregador/cmd/entregador/main.go:158.8,160.3 1 0
github.com/Moreira-Henrique-Pedro/entregador/cmd/entregador/main.go:162.2,167.16 3 0
github.com/Moreira-Henrique-Pedro/entregador/cmd/entregador/main.go:167.16,169.3 1 0
github.com/Moreira-Henrique-Pedro/entregador/cmd/entregador/main.go:171.2,187.8 2 0
github.com/Moreira-Henrique-Pedro/entregador/cmd/entregador/main.go:190.120,204.2 4 0
github.com/Moreira-Henrique-Pedro/entregador/cmd/entregador/main.go:206.66,208.16 2 0
github.com/Moreira-Henrique-Pedro/entregador/cmd/entregador/main.go:208.16,210.3 1 0
github.com/Moreira-Henrique-Pedro/entregador/cmd/entregador/main.go:212.2,217.6 2 0
github.com/Moreira-Henrique-Pedro/entregador/cmd/entregador/main.go:217.6,218.10 1 0
github.com/Moreira-Henrique-Pedro/entregador/cmd/entregador/main.go:219.21,220.14 1 0
github.com/Moreira-Henrique-Pedro/entregador/cmd/entregador/main.go:221.30,222.11 1 0
github.com/Moreira-Henrique-Pedro/entregador/cmd/entregador/main.go:222.11,224.5 1 0
github.com/Moreira-Henrique-Pedro/entregador/cmd/entregador/main.go:226.4,226.32 1 0
github.com/Moreira-Henrique-Pedro/entregador/cmd/entregador/main.go:231.90,234.38 2 0
github.com/Moreira-Henrique-Pedro/entregador/cmd/entregador/main.go:234.38,236.3 1 0
github.com/Moreira-Henrique-Pedro/entregador/cmd/entregador/main.go:236.54,243.3 1 0
github.com/Moreira-Henrique-Pedro/entregador/cmd/entregador/main.go:244.2,244.16 1 0
github.com/Moreira-Henrique-Pedro/entregador/cmd/entregador/main.go:244.16,247.3 2 0
github.com/Moreira-Henrique-Pedro/entregador/cmd/entregador/main.go:249.2,249.22 1 0
github.com/Moreira-Henrique-Pedro/entregador/cmd/entregador/main.go:249.22,252.3 2 0
github.com/Moreira-Henrique-Pedro/entregador/cmd/entregador/main.go:254.2,261.63 2 0
github.com/Moreira-Henrique-Pedro/entregador/cmd/entregador/main.go:261.63,268.3 3 0
github.com/Moreira-Henrique-Pedro/entregador/cmd/entregador/main.go:270.2,270.11 1 0
github.com/Moreira-Henrique-Pedro/entregador/cmd/entregador/main.go:273.113,279.2 4 0
github.com/Moreira-Henrique-Pedro/entregador/cmd/entregador/main.go:281.71,282.41 1 0
github.com/Moreira-Henrique-Pedro/entregador/cmd/entregador/main.go:282.41,283.48 1 0
github.com/Moreira-Henrique-Pedro/entregador/cmd/entregador/main.go:283.48,285.4 1 0
github.com/Moreira-Henrique-Pedro/entregador/cmd/entregador/main.go:288.2,288.46 1 0
github.com/Moreira-Henrique-Pedro/entregador/cmd/entregador/main.go:288.46,289.56 1 0
github.com/Moreira-Henrique-Pedro/entregador/cmd/entregador/main.go:289.56,291.4 1 0
github.com/Moreira-Henrique-Pedro/entregador/cmd/entregador/main.go:294.2,294.95 1 0
github.com/Moreira-Henrique-Pedro/entregador/cmd/entregador/main.go:294.95,296.3 1 0
github.com/Moreira-Henrique-Pedro/entregador/cmd/entregador/main.go:298.2,298.73 1 0
github.com/Moreira-Henrique-Pedro/entregador/cmd/entregador/main.go:298.73,300.3 1 0
github.com/Moreira-Henrique-Pedro/entregador/cmd/entregador/main.go:302.2,302.12 1 0
github.com/Moreira-Henrique-Pedro/entregador/cmd/entregador/retry.go:19.68,26.2 1 0
github.com/Moreira-Henrique-Pedro/entregador/cmd/entregador/retry.go:28.128,31.32 2 1
github.com/Moreira-Henrique-Pedro/entregador/cmd/entregador/retry.go:31.32,33.74 2 1
github.com/Moreira-Henrique-Pedro/entregador/cmd/entregador/retry.go:33.74,35.4 1 1
github.com/Moreira-Henrique-Pedro/entregador/cmd/entregador/retry.go:37.3,37.21 1 1
github.com/Moreira-Henrique-Pedro/entregador/cmd/entregador/retry.go:37.21,39.4 1 1
github.com/Moreira-Henrique-Pedro/entregador/cmd/entregador/retry.go:41.3,42.10 2 1
github.com/Moreira-Henrique-Pedro/entregador/cmd/entregador/retry.go:43.21,45.38 2 1
github.com/Moreira-Henrique-Pedro/entregador/cmd/entregador/retry.go:46.18,46.18 0 1
github.com/Moreira-Henrique-Pedro/entregador/cmd/entregador/retry.go:49.3,50.48 2 1
github.com/Moreira-Henrique-Pedro/entregador/cmd/entregador/retry.go:50.48,52.4 1 1
github.com/Moreira-Henrique-Pedro/entregador/internal/infrastrucuture/entrypoints/http/delivery_handler.go:16.97,20.2 1 1
github.com/Moreira-Henrique-Pedro/entregador/internal/infrastrucuture/entrypoints/http/delivery_handler.go:34.82,36.21 2 1
github.com/Moreira-Henrique-Pedro/entregador/internal/infrastrucuture/entrypoints/http/delivery_handler.go:36.21,39.3 2 1
github.com/Moreira-Henrique-Pedro/entregador/internal/infrastrucuture/entrypoints/http/delivery_handler.go:41.2,42.51 2 1
github.com/Moreira-Henrique-Pedro/entregador/internal/infrastrucuture/entrypoints/http/delivery_handler.go:42.51,44.24 2 1
github.com/Moreira-Henrique-Pedro/entregador/internal/infrastrucuture/entrypoints/http/delivery_handler.go:44.24,47.4 2 1
github.com/Moreira-Henrique-Pedro/entregador/internal/infrastrucuture/entrypoints/http/delivery_handler.go:48.3,48.19 1 1
github.com/Moreira-Henrique-Pedro/entregador/internal/infrastrucuture/entrypoints/http/delivery_handler.go:51.2,52.16 2 1
github.com/Moreira-Henrique-Pedro/entregador/internal/infrastrucuture/entrypoints/http/delivery_handler.go:52.16,56.3 3 1
github.com/Moreira-Henrique-Pedro/entregador/internal/infrastrucuture/entrypoints/http/delivery_handler.go:58.2,59.38 2 1
github.com/Moreira-Henrique-Pedro/entregador/internal/infrastrucuture/entrypoints/http/delivery_handler.go:59.38,70.34 2 1
github.com/Moreira-Henrique-Pedro/entregador/internal/infrastrucuture/entrypoints/http/delivery_handler.go:70.34,73.4 2 1
github.com/Moreira-Henrique-Pedro/entregador/internal/infrastrucuture/entrypoints/http/delivery_handler.go:74.3,74.36 1 1
github.com/Moreira-Henrique-Pedro/entregador/internal/infrastrucuture/entrypoints/http/delivery_handler.go:77.2,77.39 1 1
github.com/Moreira-Henrique-Pedro/entregador/internal/infrastrucuture/entrypoints/http/resident_handler.go:17.116,22.2 1 1
github.com/Moreira-Henrique-Pedro/entregador/internal/infrastrucuture/entrypoints/http/resident_handler.go:39.81,45.9 5 1
github.com/Moreira-Henrique-Pedro/entregador/internal/infrastrucuture/entrypoints/http/resident_handler.go:46.38,48.9 2 1
github.com/Moreira-Henrique-Pedro/entregador/internal/infrastrucuture/entrypoints/http/resident_handler.go:49.23,50.55 1 1
github.com/Moreira-Henrique-Pedro/entregador/internal/infrastrucuture/entrypoints/http/resident_handler.go:51.19,52.47 1 1
github.com/Moreira-Henrique-Pedro/entregador/internal/infrastrucuture/entrypoints/http/resident_handler.go:53.10,55.9 2 1
github.com/Moreira-Henrique-Pedro/entregador/internal/infrastrucuture/entrypoints/http/resident_handler.go:58.2,59.16 2 1
github.com/Moreira-Henrique-Pedro/entregador/internal/infrastrucuture/entrypoints/http/resident_handler.go:59.16,63.3 3 1
github.com/Moreira-Henrique-Pedro/entregador/internal/infrastrucuture/entrypoints/http/resident_handler.go:65.2,66.37 2 1
github.com/Moreira-Henrique-Pedro/entregador/internal/infrastrucuture/entrypoints/http/resident_handler.go:66.37,77.3 1 1
github.com/Moreira-Henrique-Pedro/entregador/internal/infrastrucuture/entrypoints/http/resident_handler.go:79.2,79.39 1 1
github.com/Moreira-Henrique-Pedro/entregador/internal/infrastrucuture/entrypoints/http/resident_handler.go:82.61,86.2 3 1
github.com/Moreira-Henrique-Pedro/entregador/internal/infrastrucuture/entrypoints/http/router.go:9.116,12.77 2 1
github.com/Moreira-Henrique-Pedro/entregador/internal/infrastrucuture/entrypoints/http/router.go:12.77,14.3 1 1
github.com/Moreira-Henrique-Pedro/entregador/internal/infrastrucuture/entrypoints/http/router.go:15.2,18.29 3 1
github.com/Moreira-Henrique-Pedro/entregador/internal/infrastrucuture/entrypoints/http/router.go:21.68,22.71 1 1
github.com/Moreira-Henrique-Pedro/entregador/internal/infrastrucuture/entrypoints/http/router.go:22.71,26.3 3 1
github.com/Moreira-Henrique-Pedro/entregador/internal/infrastrucuture/notifiers/log_notifier.go:12.45,14.2 1 1
github.com/Moreira-Henrique-Pedro/entregador/internal/infrastrucuture/notifiers/log_notifier.go:16.91,23.2 2 1
github.com/Moreira-Henrique-Pedro/entregador/internal/infrastrucuture/notifiers/twilio_whatsapp_notifier.go:38.109,39.76 1 1
github.com/Moreira-Henrique-Pedro/entregador/internal/infrastrucuture/notifiers/twilio_whatsapp_notifier.go:39.76,41.3 1 1
github.com/Moreira-Henrique-Pedro/entregador/internal/infrastrucuture/notifiers/twilio_whatsapp_notifier.go:42.2,42.26 1 1
github.com/Moreira-Henrique-Pedro/entregador/internal/infrastrucuture/notifiers/twilio_whatsapp_notifier.go:42.26,44.3 1 0
github.com/Moreira-Henrique-Pedro/entregador/internal/infrastrucuture/notifiers/twilio_whatsapp_notifier.go:45.2,45.23 1 1
github.com/Moreira-Henrique-Pedro/entregador/internal/infrastrucuture/notifiers/twilio_whatsapp_notifier.go:45.23,47.3 1 1
github.com/Moreira-Henrique-Pedro/entregador/internal/infrastrucuture/notifiers/twilio_whatsapp_notifier.go:49.2,52.8 1 1
github.com/Moreira-Henrique-Pedro/entregador/internal/infrastrucuture/notifiers/twilio_whatsapp_notifier.go:66.102,68.16 2 1
github.com/Moreira-Henrique-Pedro/entregador/internal/infrastrucuture/notifiers/twilio_whatsapp_notifier.go:68.16,70.3 1 1
github.com/Moreira-Henrique-Pedro/entregador/internal/infrastrucuture/notifiers/twilio_whatsapp_notifier.go:72.2,73.16 2 1
github.com/Moreira-Henrique-Pedro/entregador/internal/infrastrucuture/notifiers/twilio_whatsapp_notifier.go:73.16,75.3 1 0
github.com/Moreira-Henrique-Pedro/entregador/internal/infrastrucuture/notifiers/twilio_whatsapp_notifier.go:77.2,79.16 3 1
github.com/Moreira-Henrique-Pedro/entregador/internal/infrastrucuture/notifiers/twilio_whatsapp_notifier.go:79.16,81.3 1 0
github.com/Moreira-Henrique-Pedro/entregador/internal/infrastrucuture/notifiers/twilio_whatsapp_notifier.go:82.2,86.16 4 1
github.com/Moreira-Henrique-Pedro/entregador/internal/infrastrucuture/notifiers/twilio_whatsapp_notifier.go:86.16,88.3 1 1
github.com/Moreira-Henrique-Pedro/entregador/internal/infrastrucuture/notifiers/twilio_whatsapp_notifier.go:89.2,89.15 1 1
github.com/Moreira-Henrique-Pedro/entregador/internal/infrastrucuture/notifiers/twilio_whatsapp_notifier.go:89.15,89.44 1 1
github.com/Moreira-Henrique-Pedro/entregador/internal/infrastrucuture/notifiers/twilio_whatsapp_notifier.go:91.2,92.16 2 1
github.com/Moreira-Henrique-Pedro/entregador/internal/infrastrucuture/notifiers/twilio_whatsapp_notifier.go:92.16,94.3 1 0
github.com/Moreira-Henrique-Pedro/entregador/internal/infrastrucuture/notifiers/twilio_whatsapp_notifier.go:96.2,96.50 1 1
github.com/Moreira-Henrique-Pedro/entregador/internal/infrastrucuture/notifiers/twilio_whatsapp_notifier.go:96.50,98.3 1 1
github.com/Moreira-Henrique-Pedro/entregador/internal/infrastrucuture/notifiers/twilio_whatsapp_notifier.go:100.2,108.12 4 1
github.com/Moreira-Henrique-Pedro/entregador/internal/infrastrucuture/notifiers/twilio_whatsapp_notifier.go:111.111,117.38 5 1
github.com/Moreira-Henrique-Pedro/entregador/internal/infrastrucuture/notifiers/twilio_whatsapp_notifier.go:117.38,120.3 2 1
github.com/Moreira-Henrique-Pedro/entregador/internal/infrastrucuture/notifiers/twilio_whatsapp_notifier.go:122.2,123.47 2 1
github.com/Moreira-Henrique-Pedro/entregador/internal/infrastrucuture/notifiers/twilio_whatsapp_notifier.go:123.47,125.3 1 1
github.com/Moreira-Henrique-Pedro/entregador/internal/infrastrucuture/notifiers/twilio_whatsapp_notifier.go:126.2,127.16 2 1
github.com/Moreira-Henrique-Pedro/entregador/internal/infrastrucuture/notifiers/twilio_whatsapp_notifier.go:127.16,129.3 1 0
github.com/Moreira-Henrique-Pedro/entregador/internal/infrastrucuture/notifiers/twilio_whatsapp_notifier.go:131.2,133.18 3 1
github.com/Moreira-Henrique-Pedro/entregador/internal/infrastrucuture/notifiers/twilio_whatsapp_notifier.go:136.53,141.78 4 1
github.com/Moreira-Henrique-Pedro/entregador/internal/infrastrucuture/notifiers/twilio_whatsapp_notifier.go:141.78,143.3 1 1
github.com/Moreira-Henrique-Pedro/entregador/internal/infrastrucuture/notifiers/twilio_whatsapp_notifier.go:144.2,144.12 1 1
github.com/Moreira-Henrique-Pedro/entregador/internal/infrastrucuture/notifiers/twilio_whatsapp_notifier.go:147.42,148.14 1 1
github.com/Moreira-Henrique-Pedro/entregador/internal/infrastrucuture/notifiers/twilio_whatsapp_notifier.go:153.9,154.14 1 1
github.com/Moreira-Henrique-Pedro/entregador/internal/infrastrucuture/notifiers/twilio_whatsapp_notifier.go:156.2,156.14 1 1
github.com/Moreira-Henrique-Pedro/entregador/internal/infrastrucuture/notifiers/twilio_whatsapp_notifier.go:159.71,160.17 1 1
github.com/Moreira-Henrique-Pedro/entregador/internal/infrastrucuture/notifiers/twilio_whatsapp_notifier.go:160.17,162.3 1 1
github.com/Moreira-Henrique-Pedro/entregador/internal/infrastrucuture/notifiers/twilio_whatsapp_notifier.go:164.2,165.42 2 1
github.com/Moreira-Henrique-Pedro/entregador/internal/infrastrucuture/notifiers/twilio_whatsapp_notifier.go:165.42,166.27 1 1
github.com/Moreira-Henrique-Pedro/entregador/internal/infrastrucuture/notifiers/twilio_whatsapp_notifier.go:166.27,168.4 1 1
github.com/Moreira-Henrique-Pedro/entregador/internal/infrastrucuture/notifiers/twilio_whatsapp_notifier.go:169.3,169.12 1 1
github.com/Moreira-Henrique-Pedro/entregador/internal/infrastrucuture/notifiers/twilio_whatsapp_notifier.go:172.2,172.13 1 1
github.com/Moreira-Henrique-Pedro/entregador/internal/infrastrucuture/notifiers/twilio_whatsapp_notifier.go:172.13,173.42 1 1
github.com/Moreira-Henrique-Pedro/entregador/internal/infrastrucuture/notifiers/twilio_whatsapp_notifier.go:173.42,175.4 1 1
github.com/Moreira-Henrique-Pedro/entregador/internal/infrastrucuture/notifiers/twilio_whatsapp_notifier.go:176.3,176.27 1 1
github.com/Moreira-Henrique-Pedro/entregador/internal/infrastrucuture/notifiers/twilio_whatsapp_notifier.go:179.2,179.171 1 1
github.com/Moreira-Henrique-Pedro/entregador/internal/infrastrucuture/notifiers/twilio_whatsapp_notifier.go:179.171,181.3 1 1
github.com/Moreira-Henrique-Pedro/entregador/internal/infrastrucuture/notifiers/twilio_whatsapp_notifier.go:183.2,183.44 1 1
github.com/Moreira-Henrique-Pedro/entregador/internal/infrastrucuture/notifiers/twilio_whatsapp_notifier.go:183.44,185.3 1 1
github.com/Moreira-Henrique-Pedro/entregador/internal/infrastrucuture/notifiers/twilio_whatsapp_notifier.go:186.2,186.30 1 1
github.com/Moreira-Henrique-Pedro/entregador/internal/infrastrucuture/notifiers/twilio_whatsapp_notifier.go:186.30,188.3 1 0
github.com/Moreira-Henrique-Pedro/entregador/internal/infrastrucuture/notifiers/twilio_whatsapp_notifier.go:189.2,189.47 1 1
github.com/Moreira-Henrique-Pedro/entregador/pkg/duration/duration.go:10.49,12.2 1 1
github.com/Moreira-Henrique-Pedro/entregador/pkg/duration/duration.go:14.53,16.51 2 1
github.com/Moreira-Henrique-Pedro/entregador/pkg/duration/duration.go:16.51,18.3 1 1
github.com/Moreira-Henrique-Pedro/entregador/pkg/duration/duration.go:19.2,21.12 3 1
github.com/Moreira-Henrique-Pedro/entregador/pkg/duration/duration.go:24.35,26.2 1 1
github.com/Moreira-Henrique-Pedro/entregador/pkg/duration/duration.go:28.44,30.2 1 1
github.com/Moreira-Henrique-Pedro/entregador/internal/infrastrucuture/repositories/models/delivery.go:24.64,39.2 1 1
github.com/Moreira-Henrique-Pedro/entregador/internal/infrastrucuture/repositories/models/delivery.go:41.50,56.2 1 1
github.com/Moreira-Henrique-Pedro/entregador/internal/infrastrucuture/repositories/models/resident.go:25.64,27.24 2 1
github.com/Moreira-Henrique-Pedro/entregador/internal/infrastrucuture/repositories/models/resident.go:27.24,29.3 1 1
github.com/Moreira-Henrique-Pedro/entregador/internal/infrastrucuture/repositories/models/resident.go:31.2,32.18 2 1
github.com/Moreira-Henrique-Pedro/entregador/internal/infrastrucuture/repositories/models/resident.go:32.18,34.3 1 1
github.com/Moreira-Henrique-Pedro/entregador/internal/infrastrucuture/repositories/models/resident.go:36.2,47.3 1 1
github.com/Moreira-Henrique-Pedro/entregador/internal/infrastrucuture/repositories/models/resident.go:50.50,53.56 2 1
github.com/Moreira-Henrique-Pedro/entregador/internal/infrastrucuture/repositories/models/resident.go:53.56,55.3 1 1
github.com/Moreira-Henrique-Pedro/entregador/internal/infrastrucuture/repositories/models/resident.go:58.2,59.18 2 1
github.com/Moreira-Henrique-Pedro/entregador/internal/infrastrucuture/repositories/models/resident.go:59.18,61.27 2 1
github.com/Moreira-Henrique-Pedro/entregador/internal/infrastrucuture/repositories/models/resident.go:61.27,63.4 1 1
github.com/Moreira-Henrique-Pedro/entregador/internal/infrastrucuture/repositories/models/resident.go:66.2,77.3 1 1
github.com/Moreira-Henrique-Pedro/entregador/pkg/logger/logger.go:23.55,26.2 2 1
github.com/Moreira-Henrique-Pedro/entregador/pkg/logger/logger.go:28.59,29.60 1 1
github.com/Moreira-Henrique-Pedro/entregador/pkg/logger/logger.go:29.60,31.3 1 1
github.com/Moreira-Henrique-Pedro/entregador/pkg/logger/logger.go:32.2,32.24 1 1
github.com/Moreira-Henrique-Pedro/entregador/pkg/logger/logger.go:37.29,39.2 1 1
github.com/Moreira-Henrique-Pedro/entregador/pkg/logger/logger.go:41.49,43.2 1 1
github.com/Moreira-Henrique-Pedro/entregador/pkg/logger/logger.go:45.59,46.2 0 1
github.com/Moreira-Henrique-Pedro/entregador/pkg/logger/logger.go:48.59,49.2 0 1
github.com/Moreira-Henrique-Pedro/entregador/pkg/logger/logger.go:51.60,52.2 0 1
github.com/Moreira-Henrique-Pedro/entregador/pkg/logger/logger.go:54.60,55.2 0 1
github.com/Moreira-Henrique-Pedro/entregador/pkg/logger/logger.go:57.63,58.2 0 1
github.com/Moreira-Henrique-Pedro/entregador/pkg/logger/logger.go:60.60,61.2 0 1
github.com/Moreira-Henrique-Pedro/entregador/pkg/logger/logger.go:63.63,65.2 1 1
github.com/Moreira-Henrique-Pedro/entregador/pkg/logger/logger.go:67.82,69.2 1 1
github.com/Moreira-Henrique-Pedro/entregador/pkg/logger/logrus.go:15.66,18.16 3 1
github.com/Moreira-Henrique-Pedro/entregador/pkg/logger/logrus.go:18.16,20.3 1 1
github.com/Moreira-Henrique-Pedro/entregador/pkg/logger/logrus.go:22.2,30.41 4 1
github.com/Moreira-Henrique-Pedro/entregador/pkg/logger/logrus.go:33.59,35.2 1 1
github.com/Moreira-Henrique-Pedro/entregador/pkg/logger/logrus.go:37.68,39.2 1 1
github.com/Moreira-Henrique-Pedro/entregador/pkg/logger/logrus.go:41.68,43.2 1 1
github.com/Moreira-Henrique-Pedro/entregador/pkg/logger/logrus.go:45.69,47.2 1 1
github.com/Moreira-Henrique-Pedro/entregador/pkg/logger/logrus.go:49.69,51.2 1 1
github.com/Moreira-Henrique-Pedro/entregador/pkg/logger/logrus.go:53.72,55.2 1 1
github.com/Moreira-Henrique-Pedro/entregador/pkg/logger/logrus.go:57.69,59.2 1 1
github.com/Moreira-Henrique-Pedro/entregador/pkg/logger/logrus.go:61.73,63.2 1 1
github.com/Moreira-Henrique-Pedro/entregador/pkg/logger/logrus.go:65.89,67.2 1 1
github.com/Moreira-Henrique-Pedro/entregador/pkg/logger/logrus.go:69.59,73.47 3 1
github.com/Moreira-Henrique-Pedro/entregador/pkg/logger/logrus.go:73.47,74.40 1 1
github.com/Moreira-Henrique-Pedro/entregador/pkg/logger/logrus.go:75.23,76.39 1 1
github.com/Moreira-Henrique-Pedro/entregador/pkg/logger/logrus.go:76.39,78.5 1 1
github.com/Moreira-Henrique-Pedro/entregador/pkg/logger/logrus.go:79.11,80.62 1 1
github.com/Moreira-Henrique-Pedro/entregador/pkg/logger/logrus.go:80.62,83.13 3 1
github.com/Moreira-Henrique-Pedro/entregador/pkg/logger/logrus.go:86.4,87.18 2 1
github.com/Moreira-Henrique-Pedro/entregador/pkg/logger/logrus.go:91.2,91.19 1 1
github.com/Moreira-Henrique-Pedro/entregador/pkg/events/errors.go:9.41,9.65 1 1
github.com/Moreira-Henrique-Pedro/entregador/pkg/events/errors.go:10.41,10.57 1 1
github.com/Moreira-Henrique-Pedro/entregador/pkg/events/errors.go:12.33,14.2 1 1
github.com/Moreira-Henrique-Pedro/entregador/pkg/events/errors.go:16.34,19.2 2 1
github.com/Moreira-Henrique-Pedro/entregador/pkg/events/event_bus.go:25.56,29.2 1 1
github.com/Moreira-Henrique-Pedro/entregador/pkg/events/event_bus.go:31.80,34.47 2 1
github.com/Moreira-Henrique-Pedro/entregador/pkg/events/event_bus.go:34.47,37.3 2 1
github.com/Moreira-Henrique-Pedro/entregador/pkg/events/event_bus.go:39.2,40.34 2 1
github.com/Moreira-Henrique-Pedro/entregador/pkg/events/event_bus.go:40.34,43.3 2 1
github.com/Moreira-Henrique-Pedro/entregador/pkg/events/event_bus.go:45.2,46.16 2 1
github.com/Moreira-Henrique-Pedro/entregador/pkg/events/event_bus.go:46.16,52.3 2 1
github.com/Moreira-Henrique-Pedro/entregador/pkg/events/event_bus.go:54.2,54.56 1 1
github.com/Moreira-Henrique-Pedro/entregador/pkg/events/event_bus.go:57.124,61.16 3 1
github.com/Moreira-Henrique-Pedro/entregador/pkg/events/event_bus.go:61.16,63.3 1 1
github.com/Moreira-Henrique-Pedro/entregador/pkg/events/event_bus.go:65.2,65.59 1 1
github.com/Moreira-Henrique-Pedro/entregador/pkg/events/event_bus.go:65.59,71.3 2 1
github.com/Moreira-Henrique-Pedro/entregador/pkg/events/event_bus.go:73.2,73.72 1 1
github.com/Moreira-Henrique-Pedro/entregador/pkg/events/event_bus.go:73.72,75.3 1 0
github.com/Moreira-Henrique-Pedro/entregador/pkg/events/event_bus.go:77.2,77.21 1 1
github.com/Moreira-Henrique-Pedro/entregador/pkg/events/event_bus.go:80.83,81.26 1 1
github.com/Moreira-Henrique-Pedro/entregador/pkg/events/event_bus.go:82.14,83.16 1 1
github.com/Moreira-Henrique-Pedro/entregador/pkg/events/event_bus.go:84.14,85.24 1 1
github.com/Moreira-Henrique-Pedro/entregador/pkg/events/event_bus.go:86.11,87.27 1 1
github.com/Moreira-Henrique-Pedro/entregador/pkg/events/event_bus.go:88.10,90.17 2 1
github.com/Moreira-Henrique-Pedro/entregador/pkg/events/event_bus.go:90.17,95.4 2 1
github.com/Moreira-Henrique-Pedro/entregador/pkg/events/event_bus.go:96.3,96.24 1 1
github.com/Moreira-Henrique-Pedro/entregador/pkg/events/event_bus.go:100.109,102.44 2 1
github.com/Moreira-Henrique-Pedro/entregador/pkg/events/event_bus.go:102.44,104.3 1 1
github.com/Moreira-Henrique-Pedro/entregador/pkg/events/event_bus.go:106.2,106.106 1 1
github.com/Moreira-Henrique-Pedro/entregador/pkg/events/event_bus.go:106.106,112.3 2 0
github.com/Moreira-Henrique-Pedro/entregador/pkg/events/event_bus.go:113.2,113.12 1 1
github.com/Moreira-Henrique-Pedro/entregador/pkg/events/event_bus.go:116.133,120.16 3 1
github.com/Moreira-Henrique-Pedro/entregador/pkg/events/event_bus.go:120.16,125.3 2 1
github.com/Moreira-Henrique-Pedro/entregador/pkg/events/event_bus.go:127.2,128.12 2 1
github.com/Moreira-Henrique-Pedro/entregador/pkg/events/registry.go:18.54,22.2 1 1
github.com/Moreira-Henrique-Pedro/entregador/pkg/events/registry.go:24.146,29.2 1 1
github.com/Moreira-Henrique-Pedro/entregador/pkg/events/registry.go:31.105,33.9 2 1
github.com/Moreira-Henrique-Pedro/entregador/pkg/events/registry.go:33.9,35.3 1 1
github.com/Moreira-Henrique-Pedro/entregador/pkg/events/registry.go:36.2,36.27 1 1
github.com/Moreira-Henrique-Pedro/entregador/pkg/events/registry.go:39.60,41.41 2 1
github.com/Moreira-Henrique-Pedro/entregador/pkg/events/registry.go:41.41,43.3 1 1
github.com/Moreira-Henrique-Pedro/entregador/pkg/events/registry.go:44.2,44.19 1 1
github.com/Moreira-Henrique-Pedro/entregador/internal/infrastrucuture/providers/notifier_providers.go:16.74,17.31 1 1
github.com/Moreira-Henrique-Pedro/entregador/internal/infrastrucuture/providers/notifier_providers.go:18.27,19.41 1 1
github.com/Moreira-Henrique-Pedro/entregador/internal/infrastrucuture/providers/notifier_providers.go:20.30,31.10 1 1
github.com/Moreira-Henrique-Pedro/entregador/internal/infrastrucuture/providers/notifier_providers.go:32.10,33.140 1 1
github.com/Moreira-Henrique-Pedro/entregador/internal/infrastrucuture/providers/reader_providers.go:18.76,20.16 2 0
github.com/Moreira-Henrique-Pedro/entregador/internal/infrastrucuture/providers/reader_providers.go:20.16,22.3 1 0
github.com/Moreira-Henrique-Pedro/entregador/internal/infrastrucuture/providers/reader_providers.go:24.2,29.8 1 0
github.com/Moreira-Henrique-Pedro/entregador/internal/infrastrucuture/providers/reader_providers.go:32.60,33.38 1 0
github.com/Moreira-Henrique-Pedro/entregador/internal/infrastrucuture/providers/reader_providers.go:33.38,35.3 1 0
github.com/Moreira-Henrique-Pedro/entregador/internal/infrastrucuture/providers/reader_providers.go:36.2,36.38 1 0
github.com/Moreira-Henrique-Pedro/entregador/internal/infrastrucuture/providers/repository_providers.go:27.84,32.16 4 0
github.com/Moreira-Henrique-Pedro/entregador/internal/infrastrucuture/providers/repository_providers.go:32.16,34.3 1 0
github.com/Moreira-Henrique-Pedro/entregador/internal/infrastrucuture/providers/repository_providers.go:36.2,42.16 3 0
github.com/Moreira-Henrique-Pedro/entregador/internal/infrastrucuture/providers/repository_providers.go:42.16,45.3 2 0
github.com/Moreira-Henrique-Pedro/entregador/internal/infrastrucuture/providers/repository_providers.go:47.2,51.16 2 0
github.com/Moreira-Henrique-Pedro/entregador/internal/infrastrucuture/providers/repository_providers.go:51.16,54.3 2 0
github.com/Moreira-Henrique-Pedro/entregador/internal/infrastrucuture/providers/repository_providers.go:56.2,60.8 1 0
github.com/Moreira-Henrique-Pedro/entregador/internal/infrastrucuture/providers/service_providers.go:15.101,18.16 2 0
github.com/Moreira-Henrique-Pedro/entregador/internal/infrastrucuture/providers/service_providers.go:18.16,20.3 1 0
github.com/Moreira-Henrique-Pedro/entregador/internal/infrastrucuture/providers/service_providers.go:22.2,25.8 1 0
github.com/Moreira-Henrique-Pedro/entregador/internal/infrastrucuture/providers/service_providers.go:28.114,30.16 2 0
github.com/Moreira-Henrique-Pedro/entregador/internal/infrastrucuture/providers/service_providers.go:30.16,33.3 2 0
github.com/Moreira-Henrique-Pedro/entregador/internal/infrastrucuture/providers/service_providers.go:34.2,34.23 1 0
github.com/Moreira-Henrique-Pedro/entregador/internal/infrastrucuture/providers/transporter_providers.go:26.34,70.2 13 0
github.com/Moreira-Henrique-Pedro/entregador/internal/infrastrucuture/providers/transporter_providers.go:76.3,81.48 2 0
github.com/Moreira-Henrique-Pedro/entregador/internal/infrastrucuture/providers/transporter_providers.go:81.48,83.4 1 0
github.com/Moreira-Henrique-Pedro/entregador/internal/infrastrucuture/providers/writers_providers.go:20.112,22.16 2 0
github.com/Moreira-Henrique-Pedro/entregador/internal/infrastrucuture/providers/writers_providers.go:22.16,24.3 1 0
github.com/Moreira-Henrique-Pedro/entregador/internal/infrastrucuture/providers/writers_providers.go:26.2,27.16 2 0
github.com/Moreira-Henrique-Pedro/entregador/internal/infrastrucuture/providers/writers_providers.go:27.16,29.3 1 0
github.com/Moreira-Henrique-Pedro/entregador/internal/infrastrucuture/providers/writers_providers.go:31.2,62.8 14 0
github.com/Moreira-Henrique-Pedro/entregador/internal/infrastrucuture/providers/writers_providers.go:65.60,66.38 1 0
github.com/Moreira-Henrique-Pedro/entregador/internal/infrastrucuture/providers/writers_providers.go:66.38,68.3 1 0
github.com/Moreira-Henrique-Pedro/entregador/internal/infrastrucuture/providers/writers_providers.go:69.2,69.38 1 0
github.com/Moreira-Henrique-Pedro/entregador/internal/infrastrucuture/providers/writers_providers.go:76.3,81.48 2 0
github.com/Moreira-Henrique-Pedro/entregador/internal/infrastrucuture/providers/writers_providers.go:81.48,83.4 1 0
github.com/Moreira-Henrique-Pedro/entregador/internal/infrastrucuture/repositories/delivery_repository.go:23.140,24.69 1 1
github.com/Moreira-Henrique-Pedro/entregador/internal/infrastrucuture/repositories/delivery_repository.go:24.69,26.3 1 1
github.com/Moreira-Henrique-Pedro/entregador/internal/infrastrucuture/repositories/delivery_repository.go:27.2,29.8 1 1
github.com/Moreira-Henrique-Pedro/entregador/internal/infrastrucuture/repositories/delivery_repository.go:32.43,39.2 1 1
github.com/Moreira-Henrique-Pedro/entregador/internal/infrastrucuture/repositories/delivery_repository.go:41.100,42.21 1 1
github.com/Moreira-Henrique-Pedro/entregador/internal/infrastrucuture/repositories/delivery_repository.go:42.21,44.3 1 1
github.com/Moreira-Henrique-Pedro/entregador/internal/infrastrucuture/repositories/delivery_repository.go:46.2,47.30 2 1
github.com/Moreira-Henrique-Pedro/entregador/internal/infrastrucuture/repositories/delivery_repository.go:47.30,49.3 1 1
github.com/Moreira-Henrique-Pedro/entregador/internal/infrastrucuture/repositories/delivery_repository.go:50.2,53.36 3 1
github.com/Moreira-Henrique-Pedro/entregador/internal/infrastrucuture/repositories/delivery_repository.go:53.36,57.3 3 1
github.com/Moreira-Henrique-Pedro/entregador/internal/infrastrucuture/repositories/delivery_repository.go:58.2,58.12 1 1
github.com/Moreira-Henrique-Pedro/entregador/internal/infrastrucuture/repositories/delivery_repository.go:61.122,64.42 3 1
github.com/Moreira-Henrique-Pedro/entregador/internal/infrastrucuture/repositories/delivery_repository.go:64.42,66.3 1 1
github.com/Moreira-Henrique-Pedro/entregador/internal/infrastrucuture/repositories/delivery_repository.go:67.2,67.16 1 1
github.com/Moreira-Henrique-Pedro/entregador/internal/infrastrucuture/repositories/delivery_repository.go:67.16,69.3 1 1
github.com/Moreira-Henrique-Pedro/entregador/internal/infrastrucuture/repositories/delivery_repository.go:70.2,70.30 1 1
github.com/Moreira-Henrique-Pedro/entregador/internal/infrastrucuture/repositories/delivery_repository.go:73.155,75.19 2 1
github.com/Moreira-Henrique-Pedro/entregador/internal/infrastrucuture/repositories/delivery_repository.go:75.19,77.3 1 1
github.com/Moreira-Henrique-Pedro/entregador/internal/infrastrucuture/repositories/delivery_repository.go:79.2,80.16 2 1
github.com/Moreira-Henrique-Pedro/entregador/internal/infrastrucuture/repositories/delivery_repository.go:80.16,82.3 1 1
github.com/Moreira-Henrique-Pedro/entregador/internal/infrastrucuture/repositories/delivery_repository.go:83.2,83.15 1 1
github.com/Moreira-Henrique-Pedro/entregador/internal/infrastrucuture/repositories/delivery_repository.go:83.15,83.40 1 1
github.com/Moreira-Henrique-Pedro/entregador/internal/infrastrucuture/repositories/delivery_repository.go:85.2,86.57 2 1
github.com/Moreira-Henrique-Pedro/entregador/internal/infrastrucuture/repositories/delivery_repository.go:86.57,88.3 1 0
github.com/Moreira-Henrique-Pedro/entregador/internal/infrastrucuture/repositories/delivery_repository.go:90.2,91.32 2 1
github.com/Moreira-Henrique-Pedro/entregador/internal/infrastrucuture/repositories/delivery_repository.go:91.32,93.3 1 1
github.com/Moreira-Henrique-Pedro/entregador/internal/infrastrucuture/repositories/delivery_repository.go:94.2,94.24 1 1
github.com/Moreira-Henrique-Pedro/entregador/internal/infrastrucuture/repositories/delivery_repository.go:97.97,110.16 5 1
github.com/Moreira-Henrique-Pedro/entregador/internal/infrastrucuture/repositories/delivery_repository.go:110.16,112.3 1 1
github.com/Moreira-Henrique-Pedro/entregador/internal/infrastrucuture/repositories/delivery_repository.go:113.2,113.30 1 1
github.com/Moreira-Henrique-Pedro/entregador/internal/infrastrucuture/repositories/delivery_repository.go:113.30,115.3 1 1
github.com/Moreira-Henrique-Pedro/entregador/internal/infrastrucuture/repositories/delivery_repository.go:116.2,116.12 1 1
github.com/Moreira-Henrique-Pedro/entregador/internal/infrastrucuture/repositories/delivery_repository.go:119.105,121.2 1 1
github.com/Moreira-Henrique-Pedro/entregador/internal/infrastrucuture/repositories/delivery_repository.go:123.104,125.2 1 1
github.com/Moreira-Henrique-Pedro/entregador/internal/infrastrucuture/repositories/delivery_repository.go:127.105,132.16 4 1
github.com/Moreira-Henrique-Pedro/entregador/internal/infrastrucuture/repositories/delivery_repository.go:132.16,134.3 1 1
github.com/Moreira-Henrique-Pedro/entregador/internal/infrastrucuture/repositories/delivery_repository.go:135.2,135.30 1 1
github.com/Moreira-Henrique-Pedro/entregador/internal/infrastrucuture/repositories/delivery_repository.go:135.30,137.3 1 1
github.com/Moreira-Henrique-Pedro/entregador/internal/infrastrucuture/repositories/delivery_repository.go:138.2,138.12 1 1
github.com/Moreira-Henrique-Pedro/entregador/internal/infrastrucuture/repositories/delivery_repository.go:141.48,143.2 1 1
github.com/Moreira-Henrique-Pedro/entregador/internal/infrastrucuture/repositories/resident_repository.go:34.140,35.69 1 1
github.com/Moreira-Henrique-Pedro/entregador/internal/infrastrucuture/repositories/resident_repository.go:35.69,37.3 1 1
github.com/Moreira-Henrique-Pedro/entregador/internal/infrastrucuture/repositories/resident_repository.go:38.2,40.8 1 1
github.com/Moreira-Henrique-Pedro/entregador/internal/infrastrucuture/repositories/resident_repository.go:43.43,58.2 1 1
github.com/Moreira-Henrique-Pedro/entregador/internal/infrastrucuture/repositories/resident_repository.go:60.100,61.21 1 1
github.com/Moreira-Henrique-Pedro/entregador/internal/infrastrucuture/repositories/resident_repository.go:61.21,63.3 1 1
github.com/Moreira-Henrique-Pedro/entregador/internal/infrastrucuture/repositories/resident_repository.go:65.2,66.30 2 1
github.com/Moreira-Henrique-Pedro/entregador/internal/infrastrucuture/repositories/resident_repository.go:66.30,68.3 1 1
github.com/Moreira-Henrique-Pedro/entregador/internal/infrastrucuture/repositories/resident_repository.go:69.2,72.36 3 1
github.com/Moreira-Henrique-Pedro/entregador/internal/infrastrucuture/repositories/resident_repository.go:72.36,76.3 3 1
github.com/Moreira-Henrique-Pedro/entregador/internal/infrastrucuture/repositories/resident_repository.go:77.2,77.12 1 1
github.com/Moreira-Henrique-Pedro/entregador/internal/infrastrucuture/repositories/resident_repository.go:80.102,93.36 6 1
github.com/Moreira-Henrique-Pedro/entregador/internal/infrastrucuture/repositories/resident_repository.go:93.36,95.3 1 1
github.com/Moreira-Henrique-Pedro/entregador/internal/infrastrucuture/repositories/resident_repository.go:96.2,96.12 1 1
github.com/Moreira-Henrique-Pedro/entregador/internal/infrastrucuture/repositories/resident_repository.go:99.104,104.16 2 1
github.com/Moreira-Henrique-Pedro/entregador/internal/infrastrucuture/repositories/resident_repository.go:104.16,106.3 1 1
github.com/Moreira-Henrique-Pedro/entregador/internal/infrastrucuture/repositories/resident_repository.go:107.2,107.43 1 1
github.com/Moreira-Henrique-Pedro/entregador/internal/infrastrucuture/repositories/resident_repository.go:107.43,109.3 1 1
github.com/Moreira-Henrique-Pedro/entregador/internal/infrastrucuture/repositories/resident_repository.go:111.2,117.42 3 1
github.com/Moreira-Henrique-Pedro/entregador/internal/infrastrucuture/repositories/resident_repository.go:117.42,119.3 1 1
github.com/Moreira-Henrique-Pedro/entregador/internal/infrastrucuture/repositories/resident_repository.go:120.2,120.16 1 1
github.com/Moreira-Henrique-Pedro/entregador/internal/infrastrucuture/repositories/resident_repository.go:120.16,122.3 1 1
github.com/Moreira-Henrique-Pedro/entregador/internal/infrastrucuture/repositories/resident_repository.go:124.2,130.36 2 1
github.com/Moreira-Henrique-Pedro/entregador/internal/infrastrucuture/repositories/resident_repository.go:130.36,132.3 1 1
github.com/Moreira-Henrique-Pedro/entregador/internal/infrastrucuture/repositories/resident_repository.go:133.2,133.12 1 1
github.com/Moreira-Henrique-Pedro/entregador/internal/infrastrucuture/repositories/resident_repository.go:136.100,137.21 1 1
github.com/Moreira-Henrique-Pedro/entregador/internal/infrastrucuture/repositories/resident_repository.go:137.21,139.3 1 1
github.com/Moreira-Henrique-Pedro/entregador/internal/infrastrucuture/repositories/resident_repository.go:141.2,142.25 2 1
github.com/Moreira-Henrique-Pedro/entregador/internal/infrastrucuture/repositories/resident_repository.go:142.25,144.3 1 1
github.com/Moreira-Henrique-Pedro/entregador/internal/infrastrucuture/repositories/resident_repository.go:145.2,145.30 1 1
github.com/Moreira-Henrique-Pedro/entregador/internal/infrastrucuture/repositories/resident_repository.go:145.30,147.3 1 1
github.com/Moreira-Henrique-Pedro/entregador/internal/infrastrucuture/repositories/resident_repository.go:148.2,148.26 1 1
github.com/Moreira-Henrique-Pedro/entregador/internal/infrastrucuture/repositories/resident_repository.go:148.26,150.3 1 1
github.com/Moreira-Henrique-Pedro/entregador/internal/infrastrucuture/repositories/resident_repository.go:151.2,151.25 1 1
github.com/Moreira-Henrique-Pedro/entregador/internal/infrastrucuture/repositories/resident_repository.go:151.25,153.3 1 1
github.com/Moreira-Henrique-Pedro/entregador/internal/infrastrucuture/repositories/resident_repository.go:155.2,156.16 2 1
github.com/Moreira-Henrique-Pedro/entregador/internal/infrastrucuture/repositories/resident_repository.go:156.16,158.3 1 1
github.com/Moreira-Henrique-Pedro/entregador/internal/infrastrucuture/repositories/resident_repository.go:159.2,159.30 1 1
github.com/Moreira-Henrique-Pedro/entregador/internal/infrastrucuture/repositories/resident_repository.go:159.30,161.3 1 1
github.com/Moreira-Henrique-Pedro/entregador/internal/infrastrucuture/repositories/resident_repository.go:162.2,162.12 1 1
github.com/Moreira-Henrique-Pedro/entregador/internal/infrastrucuture/repositories/resident_repository.go:165.102,174.16 4 1
github.com/Moreira-Henrique-Pedro/entregador/internal/infrastrucuture/repositories/resident_repository.go:174.16,176.3 1 1
github.com/Moreira-Henrique-Pedro/entregador/internal/infrastrucuture/repositories/resident_repository.go:177.2,177.30 1 1
github.com/Moreira-Henrique-Pedro/entregador/internal/infrastrucuture/repositories/resident_repository.go:177.30,179.3 1 1
github.com/Moreira-Henrique-Pedro/entregador/internal/infrastrucuture/repositories/resident_repository.go:180.2,180.12 1 1
github.com/Moreira-Henrique-Pedro/entregador/internal/infrastrucuture/repositories/resident_repository.go:183.122,186.42 3 1
github.com/Moreira-Henrique-Pedro/entregador/internal/infrastrucuture/repositories/resident_repository.go:186.42,188.3 1 1
github.com/Moreira-Henrique-Pedro/entregador/internal/infrastrucuture/repositories/resident_repository.go:189.2,189.16 1 1
github.com/Moreira-Henrique-Pedro/entregador/internal/infrastrucuture/repositories/resident_repository.go:189.16,191.3 1 1
github.com/Moreira-Henrique-Pedro/entregador/internal/infrastrucuture/repositories/resident_repository.go:192.2,192.30 1 1
github.com/Moreira-Henrique-Pedro/entregador/internal/infrastrucuture/repositories/resident_repository.go:195.122,197.2 1 1
github.com/Moreira-Henrique-Pedro/entregador/internal/infrastrucuture/repositories/resident_repository.go:199.114,201.2 1 1
github.com/Moreira-Henrique-Pedro/entregador/internal/infrastrucuture/repositories/resident_repository.go:203.108,205.16 2 1
github.com/Moreira-Henrique-Pedro/entregador/internal/infrastrucuture/repositories/resident_repository.go:205.16,207.3 1 1
github.com/Moreira-Henrique-Pedro/entregador/internal/infrastrucuture/repositories/resident_repository.go:208.2,208.15 1 1
github.com/Moreira-Henrique-Pedro/entregador/internal/infrastrucuture/repositories/resident_repository.go:208.15,208.40 1 1
github.com/Moreira-Henrique-Pedro/entregador/internal/infrastrucuture/repositories/resident_repository.go:210.2,211.57 2 1
github.com/Moreira-Henrique-Pedro/entregador/internal/infrastrucuture/repositories/resident_repository.go:211.57,213.3 1 0
github.com/Moreira-Henrique-Pedro/entregador/internal/infrastrucuture/repositories/resident_repository.go:215.2,216.32 2 1
github.com/Moreira-Henrique-Pedro/entregador/internal/infrastrucuture/repositories/resident_repository.go:216.32,218.3 1 1
github.com/Moreira-Henrique-Pedro/entregador/internal/infrastrucuture/repositories/resident_repository.go:219.2,219.23 1 1
github.com/Moreira-Henrique-Pedro/entregador/internal/infrastrucuture/repositories/resident_repository.go:222.48,224.2 1 1
github.com/Moreira-Henrique-Pedro/entregador/internal/infrastrucuture/repositories/resident_repository.go:226.49,228.2 1 1
github.com/Moreira-Henrique-Pedro/entregador/internal/infrastrucuture/repositories/resident_repository.go:230.45,233.2 2 1
github.com/Moreira-Henrique-Pedro/entregador/internal/infrastrucuture/repositories/client/mongodb_client.go:15.98,17.2 1 0
github.com/Moreira-Henrique-Pedro/entregador/internal/infrastrucuture/repositories/client/mongodb_client.go:19.165,21.2 1 0
github.com/Moreira-Henrique-Pedro/entregador/internal/infrastrucuture/repositories/client/mongodb_client.go:23.153,25.2 1 0
github.com/Moreira-Henrique-Pedro/entregador/internal/infrastrucuture/repositories/client/mongodb_client.go:27.135,29.2 1 0
github.com/Moreira-Henrique-Pedro/entregador/internal/infrastrucuture/repositories/client/mongodb_client.go:31.132,33.2 1 0
github.com/Moreira-Henrique-Pedro/entregador/internal/infrastrucuture/repositories/client/mongodb_client.go:35.145,37.2 1 0
github.com/Moreira-Henrique-Pedro/entregador/internal/infrastrucuture/repositories/client/mongodb_client.go:39.102,42.2 2 0
github.com/Moreira-Henrique-Pedro/entregador/pkg/watermill/logger_adapter.go:13.88,15.2 1 1
github.com/Moreira-Henrique-Pedro/entregador/pkg/watermill/logger_adapter.go:17.86,19.2 1 1
github.com/Moreira-Henrique-Pedro/entregador/pkg/watermill/logger_adapter.go:21.74,23.2 1 1
github.com/Moreira-Henrique-Pedro/entregador/pkg/watermill/logger_adapter.go:25.75,27.2 1 1
github.com/Moreira-Henrique-Pedro/entregador/pkg/watermill/logger_adapter.go:29.75,31.2 1 1
github.com/Moreira-Henrique-Pedro/entregador/pkg/watermill/logger_adapter.go:33.90,38.2 1 1
github.com/Moreira-Henrique-Pedro/entregador/pkg/watermill/logger_adapter.go:40.88,43.33 3 1
github.com/Moreira-Henrique-Pedro/entregador/pkg/watermill/logger_adapter.go:43.33,45.3 1 1
github.com/Moreira-Henrique-Pedro/entregador/pkg/watermill/logger_adapter.go:46.2,46.15 1 1
github.com/Moreira-Henrique-Pedro/entregador/pkg/watermill/logger_adapter.go:49.109,51.31 2 1
github.com/Moreira-Henrique-Pedro/entregador/pkg/watermill/logger_adapter.go:51.31,53.3 1 1
github.com/Moreira-Henrique-Pedro/entregador/pkg/watermill/logger_adapter.go:54.2,54.31 1 1
github.com/Moreira-Henrique-Pedro/entregador/pkg/watermill/logger_adapter.go:54.31,55.34 1 1
github.com/Moreira-Henrique-Pedro/entregador/pkg/watermill/logger_adapter.go:55.34,57.4 1 1
github.com/Moreira-Henrique-Pedro/entregador/pkg/watermill/logger_adapter.go:59.2,59.15 1 1
github.com/Moreira-Henrique-Pedro/entregador/pkg/watermill/marshaler.go:5.46,7.2 1 1
github.com/Moreira-Henrique-Pedro/entregador/pkg/watermill/message.go:14.123,16.16 2 1
github.com/Moreira-Henrique-Pedro/entregador/pkg/watermill/message.go:16.16,18.3 1 1
github.com/Moreira-Henrique-Pedro/entregador/pkg/watermill/message.go:20.2,22.37 3 1
github.com/Moreira-Henrique-Pedro/entregador/pkg/watermill/message.go:22.37,24.3 1 1
github.com/Moreira-Henrique-Pedro/entregador/pkg/watermill/message.go:25.2,26.48 2 1
github.com/Moreira-Henrique-Pedro/entregador/pkg/watermill/message.go:26.48,28.3 1 1
github.com/Moreira-Henrique-Pedro/entregador/pkg/watermill/message.go:30.2,30.17 1 1
github.com/Moreira-Henrique-Pedro/entregador/pkg/watermill/message.go:33.95,35.80 2 1
github.com/Moreira-Henrique-Pedro/entregador/pkg/watermill/message.go:35.80,37.3 1 1
github.com/Moreira-Henrique-Pedro/entregador/pkg/watermill/message.go:39.2,46.88 3 1
github.com/Moreira-Henrique-Pedro/entregador/pkg/watermill/message.go:46.88,48.3 1 1
github.com/Moreira-Henrique-Pedro/entregador/pkg/watermill/message.go:50.2,51.30 2 1
github.com/Moreira-Henrique-Pedro/entregador/pkg/watermill/message.go:54.86,61.88 2 1
github.com/Moreira-Henrique-Pedro/entregador/pkg/watermill/message.go:61.88,63.3 1 1
github.com/Moreira-Henrique-Pedro/entregador/pkg/watermill/message.go:65.2,72.64 2 1
github.com/Moreira-Henrique-Pedro/entregador/pkg/watermill/message.go:75.46,76.23 1 1
github.com/Moreira-Henrique-Pedro/entregador/pkg/watermill/message.go:76.23,78.3 1 1
github.com/Moreira-Henrique-Pedro/entregador/pkg/watermill/message.go:79.2,79.28 1 1
github.com/Moreira-Henrique-Pedro/entregador/pkg/watermill/message.go:82.46,84.9 2 1
github.com/Moreira-Henrique-Pedro/entregador/pkg/watermill/message.go:84.9,86.3 1 1
github.com/Moreira-Henrique-Pedro/entregador/pkg/watermill/message.go:88.2,89.13 2 1
github.com/Moreira-Henrique-Pedro/entregador/pkg/watermill/message.go:89.13,91.3 1 1
github.com/Moreira-Henrique-Pedro/entregador/pkg/watermill/message.go:93.2,93.13 1 1
github.com/Moreira-Henrique-Pedro/entregador/pkg/watermill/publisher.go:16.114,24.16 2 1
github.com/Moreira-Henrique-Pedro/entregador/pkg/watermill/publisher.go:24.16,26.3 1 1
github.com/Moreira-Henrique-Pedro/entregador/pkg/watermill/publisher.go:28.2,30.8 1 0
github.com/Moreira-Henrique-Pedro/entregador/pkg/watermill/publisher.go:33.120,37.47 3 1
github.com/Moreira-Henrique-Pedro/entregador/pkg/watermill/publisher.go:37.47,39.17 2 1
github.com/Moreira-Henrique-Pedro/entregador/pkg/watermill/publisher.go:39.17,46.4 2 1
github.com/Moreira-Henrique-Pedro/entregador/pkg/watermill/publisher.go:47.3,47.66 1 1
github.com/Moreira-Henrique-Pedro/entregador/pkg/watermill/publisher.go:50.2,53.16 3 1
github.com/Moreira-Henrique-Pedro/entregador/pkg/watermill/publisher.go:53.16,60.3 2 1
github.com/Moreira-Henrique-Pedro/entregador/pkg/watermill/publisher.go:62.2,67.12 2 1
github.com/Moreira-Henrique-Pedro/entregador/pkg/watermill/publisher.go:70.76,72.31 2 1
github.com/Moreira-Henrique-Pedro/entregador/pkg/watermill/publisher.go:72.31,79.3 3 1
github.com/Moreira-Henrique-Pedro/entregador/pkg/watermill/publisher.go:80.2,80.12 1 1
github.com/Moreira-Henrique-Pedro/entregador/pkg/watermill/publisher.go:83.66,85.2 1 1
